00:41:09  INFO     Loading parquet (14/100 cols, gpu_node=1 predicate)  from D:\_fcall\UNIFEI\tcc\hpc_workload\dataset\prom_slurm_joined\prom_slurm_joined.parquet
00:41:28  INFO     Loaded 11,144,842 snapshots, 23,618 jobs in 16.1 s  (~1.5 GB in RAM)
00:41:29  INFO     Snapshot labels: 425,974 positive / 11,144,842 total  (0.0382)
00:41:29  INFO     Temporal split at end_date 2022-10-19 11:50:16 : 18,894 train jobs / 4,724 test jobs
00:41:29  INFO     max slurm_id = 2,323,561 -> job_ids dtype int32
00:42:18  INFO     Windowed jobs kept: 10,320 train / 2,694 test  (dropped 10,604 jobs < 40 snapshots)
00:42:19  INFO     X_train: (9125945, 32)  |  positives: 291,936 (0.0320)
00:42:19  INFO     X_test: (1411809, 32)  |  positives: 56,831 (0.0403)
00:42:33  INFO     Fitting StandardScaler on X_train...
00:42:37  INFO     Artifacts written to D:\_fcall\UNIFEI\tcc\hpc_workload\artifacts  (total 1.3 GB)
00:43:49  INFO     Loading artifacts (X as read-only memmap)...
00:43:49  INFO     Train windows: 9,125,945  (pos=291,936, neg=8,834,009)  scale_pos_weight=30.2601
00:43:59  INFO     Pass 1: 15 models -> D:\_fcall\UNIFEI\tcc\hpc_workload\results\results.csv
00:43:59  INFO     [ 1/15] DummyClassifier
00:44:00  INFO     DummyClassifier                   PR-AUC=0.0403  ROC-AUC=0.5000  recall=0.000  train=0.4s  peak=385 MB
00:44:00  INFO     [ 2/15] GaussianNB
00:44:07  INFO     GaussianNB                        PR-AUC=0.0572  ROC-AUC=0.6203  recall=0.207  train=3.4s  peak=4959 MB
00:44:07  INFO     [ 3/15] LogisticRegression
00:45:28  INFO     LogisticRegression                PR-AUC=0.0626  ROC-AUC=0.5773  recall=0.770  train=77.9s  peak=5380 MB
00:45:29  INFO     [ 4/15] DecisionTreeClassifier
00:49:57  INFO     DecisionTreeClassifier            PR-AUC=0.0500  ROC-AUC=0.5260  recall=0.522  train=267.8s  peak=1832 MB
00:49:58  INFO     [ 5/15] RandomForestClassifier
01:21:07  INFO     RandomForestClassifier            PR-AUC=0.0562  ROC-AUC=0.5929  recall=0.010  train=1861.3s  peak=9267 MB
01:21:10  INFO     [ 6/15] ExtraTreesClassifier
01:31:34  INFO     ExtraTreesClassifier              PR-AUC=0.0582  ROC-AUC=0.5776  recall=0.032  train=616.0s  peak=8288 MB
01:31:36  INFO     [ 7/15] HistGradientBoostingClassifier
01:35:00  INFO     HistGradientBoostingClassifier    PR-AUC=0.0752  ROC-AUC=0.6197  recall=0.476  train=196.4s  peak=6862 MB
01:35:00  INFO     [ 8/15] LightGBM
01:36:05  INFO     LightGBM                          PR-AUC=0.0793  ROC-AUC=0.6178  recall=0.489  train=61.2s  peak=2499 MB
01:36:05  INFO     [ 9/15] XGBoost
01:37:36  INFO     XGBoost                           PR-AUC=0.0595  ROC-AUC=0.6031  recall=0.417  train=88.8s  peak=2505 MB
01:37:36  INFO     [10/15] CatBoost
01:41:08  INFO     CatBoost                          PR-AUC=0.0795  ROC-AUC=0.6078  recall=0.495  train=211.1s  peak=3229 MB
01:41:08  INFO     [11/15] BalancedRandomForestClassifier
01:47:09  INFO     BalancedRandomForestClassifier    PR-AUC=0.0570  ROC-AUC=0.6017  recall=0.069  train=356.6s  peak=6679 MB
01:47:10  INFO     [12/15] EasyEnsembleClassifier
01:48:47  ERROR    EasyEnsembleClassifier FAILED: Unable to allocate 8.70 MiB for an array with shape (9125944,) and data type bool
01:48:47  ERROR    joblib.externals.loky.process_executor._RemoteTraceback: 
"""
Traceback (most recent call last):
  File "D:\Python\Python313\Lib\site-packages\joblib\externals\loky\process_executor.py", line 490, in _process_worker
    r = call_item()
  File "D:\Python\Python313\Lib\site-packages\joblib\externals\loky\process_executor.py", line 291, in __call__
    return self.fn(*self.args, **self.kwargs)
           ~~~~~~~^^^^^^^^^^^^^^^^^^^^^^^^^^^
  File "D:\Python\Python313\Lib\site-packages\joblib\parallel.py", line 607, in __call__
    return [func(*args, **kwargs) for func, args, kwargs in self.items]
            ~~~~^^^^^^^^^^^^^^^^^
  File "D:\Python\Python313\Lib\site-packages\sklearn\utils\parallel.py", line 184, in __call__
    return self.function(*args, **kwargs)
           ~~~~~~~~~~~~~^^^^^^^^^^^^^^^^^
  File "D:\Python\Python313\Lib\site-packages\sklearn\ensemble\_bagging.py", line 235, in _parallel_build_estimators
    estimator_fit(X_, y_, **fit_params_)
    ~~~~~~~~~~~~~^^^^^^^^^^^^^^^^^^^^^^^
  File "D:\Python\Python313\Lib\site-packages\sklearn\base.py", line 1336, in wrapper
    return fit_method(estimator, *args, **kwargs)
  File "D:\Python\Python313\Lib\site-packages\imblearn\pipeline.py", line 514, in fit
    Xt, yt = self._fit(X, y, routed_params, raw_params=params)
             ~~~~~~~~~^^^^^^^^^^^^^^^^^^^^^^^^^^^^^^^^^^^^^^^^
  File "D:\Python\Python313\Lib\site-packages\imblearn\pipeline.py", line 436, in _fit
    X, y, fitted_transformer = fit_resample_one_cached(
                               ~~~~~~~~~~~~~~~~~~~~~~~^
        cloned_transformer,
        ^^^^^^^^^^^^^^^^^^^
    ...<4 lines>...
        params=routed_params[name],
        ^^^^^^^^^^^^^^^^^^^^^^^^^^^
    )
    ^
  File "D:\Python\Python313\Lib\site-packages\joblib\memory.py", line 326, in __call__
    return self.func(*args, **kwargs)
           ~~~~~~~~~^^^^^^^^^^^^^^^^^
  File "D:\Python\Python313\Lib\site-packages\imblearn\pipeline.py", line 1332, in _fit_resample_one
    X_res, y_res = sampler.fit_resample(X, y, **params.get("fit_resample", {}))
                   ~~~~~~~~~~~~~~~~~~~~^^^^^^^^^^^^^^^^^^^^^^^^^^^^^^^^^^^^^^^^
  File "D:\Python\Python313\Lib\site-packages\imblearn\base.py", line 204, in fit_resample
    return super().fit_resample(X, y, **params)
           ~~~~~~~~~~~~~~~~~~~~^^^^^^^^^^^^^^^^
  File "D:\Python\Python313\Lib\site-packages\sklearn\base.py", line 1336, in wrapper
    return fit_method(estimator, *args, **kwargs)
  File "D:\Python\Python313\Lib\site-packages\imblearn\base.py", line 107, in fit_resample
    output = self._fit_resample(X, y, **params)
  File "D:\Python\Python313\Lib\site-packages\imblearn\under_sampling\_prototype_selection\_random_under_sampler.py", line 111, in _fit_resample
    for target_class in np.unique(y):
                        ~~~~~~~~~^^^
  File "D:\Python\Python313\Lib\site-packages\numpy\lib\_arraysetops_impl.py", line 286, in unique
    ret = _unique1d(ar, return_index, return_inverse, return_counts,
                    equal_nan=equal_nan, inverse_shape=ar.shape, axis=None)
  File "D:\Python\Python313\Lib\site-packages\numpy\lib\_arraysetops_impl.py", line 369, in _unique1d
    mask[1:] = aux[1:] != aux[:-1]
               ^^^^^^^^^^^^^^^^^^^
numpy._core._exceptions._ArrayMemoryError: Unable to allocate 8.70 MiB for an array with shape (9125944,) and data type bool
"""

The above exception was the direct cause of the following exception:

Traceback (most recent call last):
  File "D:\_fcall\UNIFEI\tcc\hpc_workload\benchmark\run_pass1.py", line 96, in run
    row = _run_one(spec, X_train, X_test, y_train, y_test, states_test, scaler)
  File "D:\_fcall\UNIFEI\tcc\hpc_workload\benchmark\run_pass1.py", line 58, in _run_one
    spec.estimator.fit(Xtr, y_train)
    ~~~~~~~~~~~~~~~~~~^^^^^^^^^^^^^^
  File "D:\Python\Python313\Lib\site-packages\sklearn\base.py", line 1336, in wrapper
    return fit_method(estimator, *args, **kwargs)
  File "D:\Python\Python313\Lib\site-packages\imblearn\ensemble\_easy_ensemble.py", line 264, in fit
    return super().fit(X, y)
           ~~~~~~~~~~~^^^^^^
  File "D:\Python\Python313\Lib\site-packages\sklearn\base.py", line 1336, in wrapper
    return fit_method(estimator, *args, **kwargs)
  File "D:\Python\Python313\Lib\site-packages\sklearn\ensemble\_bagging.py", line 443, in fit
    return self._fit(
           ~~~~~~~~~^
        X,
        ^^
    ...<3 lines>...
        **fit_params,
        ^^^^^^^^^^^^^
    )
    ^
  File "D:\Python\Python313\Lib\site-packages\imblearn\ensemble\_easy_ensemble.py", line 270, in _fit
    return super()._fit(X, y, self.max_samples)
           ~~~~~~~~~~~~^^^^^^^^^^^^^^^^^^^^^^^^
  File "D:\Python\Python313\Lib\site-packages\sklearn\ensemble\_bagging.py", line 599, in _fit
    all_results = Parallel(
        n_jobs=n_jobs, verbose=self.verbose, **self._parallel_args()
    )(
        delayed(_parallel_build_estimators)(
    ...<11 lines>...
        for i in range(n_jobs)
    )
  File "D:\Python\Python313\Lib\site-packages\sklearn\utils\parallel.py", line 91, in __call__
    return super().__call__(iterable_with_config_and_warning_filters)
           ~~~~~~~~~~~~~~~~^^^^^^^^^^^^^^^^^^^^^^^^^^^^^^^^^^^^^^^^^^
  File "D:\Python\Python313\Lib\site-packages\joblib\parallel.py", line 2072, in __call__
    return output if self.return_generator else list(output)
                                                ~~~~^^^^^^^^
  File "D:\Python\Python313\Lib\site-packages\joblib\parallel.py", line 1682, in _get_outputs
    yield from self._retrieve()
  File "D:\Python\Python313\Lib\site-packages\joblib\parallel.py", line 1784, in _retrieve
    self._raise_error_fast()
    ~~~~~~~~~~~~~~~~~~~~~~^^
  File "D:\Python\Python313\Lib\site-packages\joblib\parallel.py", line 1859, in _raise_error_fast
    error_job.get_result(self.timeout)
    ~~~~~~~~~~~~~~~~~~~~^^^^^^^^^^^^^^
  File "D:\Python\Python313\Lib\site-packages\joblib\parallel.py", line 758, in get_result
    return self._return_or_raise()
           ~~~~~~~~~~~~~~~~~~~~~^^
  File "D:\Python\Python313\Lib\site-packages\joblib\parallel.py", line 773, in _return_or_raise
    raise self._result
numpy._core._exceptions._ArrayMemoryError: Unable to allocate 8.70 MiB for an array with shape (9125944,) and data type bool

01:48:48  INFO     [13/15] RUSBoostClassifier
01:49:09  INFO     RUSBoostClassifier                PR-AUC=0.0469  ROC-AUC=0.5541  recall=0.282  train=17.6s  peak=1621 MB
01:49:09  INFO     [14/15] MLPClassifier
02:00:21  INFO     MLPClassifier                     PR-AUC=0.0524  ROC-AUC=0.5725  recall=0.093  train=669.5s  peak=4350 MB
02:00:21  INFO     [15/15] SGDClassifier
02:00:57  INFO     SGDClassifier                     PR-AUC=0.0574  ROC-AUC=0.5589  recall=0.672  train=33.8s  peak=3070 MB
02:00:58  INFO     ==============================================================================
02:00:58  INFO     PASS 1 RANKING by PR-AUC
02:00:58  INFO     model                              PR-AUC  ROC-AUC   recall   train_s
02:00:58  INFO     ------------------------------------------------------------------------------
02:00:58  INFO     CatBoost                           0.0795   0.6078    0.495     211.1  <-- top
02:00:58  INFO     LightGBM                           0.0793   0.6178    0.489      61.2  <-- top
02:00:58  INFO     HistGradientBoostingClassifier     0.0752   0.6197    0.476     196.4  <-- top
02:00:58  INFO     LogisticRegression                 0.0626   0.5773    0.770      77.9  <-- top
02:00:58  INFO     XGBoost                            0.0595   0.6031    0.417      88.8
02:00:58  INFO     ExtraTreesClassifier               0.0582   0.5776    0.032     616.0
02:00:58  INFO     SGDClassifier                      0.0574   0.5589    0.672      33.8
02:00:58  INFO     GaussianNB                         0.0572   0.6203    0.207       3.4
02:00:58  INFO     BalancedRandomForestClassifier     0.0570   0.6017    0.069     356.6
02:00:58  INFO     RandomForestClassifier             0.0562   0.5929    0.010    1861.3
02:00:58  INFO     MLPClassifier                      0.0524   0.5725    0.093     669.5
02:00:58  INFO     DecisionTreeClassifier             0.0500   0.5260    0.522     267.8
02:00:58  INFO     RUSBoostClassifier                 0.0469   0.5541    0.282      17.6
02:00:58  INFO     DummyClassifier                    0.0403   0.5000    0.000       0.4
02:00:58  INFO     ------------------------------------------------------------------------------
02:00:58  INFO     FAILED: EasyEnsembleClassifier         MemoryError: Unable to allocate 8.70 MiB for an array with shape (9125944,) and data type bool
02:00:58  INFO     ==============================================================================
02:00:58  INFO     Top-4 candidates for Pass 2: CatBoost, LightGBM, HistGradientBoostingClassifier, LogisticRegression
08:00:05  INFO     Loading artifacts (X as read-only memmap)...
08:00:05  INFO     Train windows: 9,125,945  (pos=291,936, neg=8,834,009)  scale_pos_weight=30.2601
08:00:20  INFO     Pass 1: 1 model(s) -> D:\_fcall\UNIFEI\tcc\hpc_workload\results\results.csv
08:00:20  INFO     [ 1/ 1] EasyEnsembleClassifier
08:32:29  INFO     EasyEnsembleClassifier            PR-AUC=0.0704  ROC-AUC=0.5659  recall=0.688  train=1849.5s  peak=3732 MB
08:32:30  INFO     ==============================================================================
08:32:30  INFO     PASS 1 RANKING by PR-AUC
08:32:30  INFO     model                              PR-AUC  ROC-AUC   recall   train_s
08:32:30  INFO     ------------------------------------------------------------------------------
08:32:30  INFO     CatBoost                           0.0795   0.6078    0.495     211.1  <-- top
08:32:30  INFO     LightGBM                           0.0793   0.6178    0.489      61.2  <-- top
08:32:30  INFO     HistGradientBoostingClassifier     0.0752   0.6197    0.476     196.4  <-- top
08:32:30  INFO     EasyEnsembleClassifier             0.0704   0.5659    0.688    1849.5  <-- top
08:32:30  INFO     LogisticRegression                 0.0626   0.5773    0.770      77.9
08:32:30  INFO     XGBoost                            0.0595   0.6031    0.417      88.8
08:32:30  INFO     ExtraTreesClassifier               0.0582   0.5776    0.032     616.0
08:32:30  INFO     SGDClassifier                      0.0574   0.5589    0.672      33.8
08:32:30  INFO     GaussianNB                         0.0572   0.6203    0.207       3.4
08:32:30  INFO     BalancedRandomForestClassifier     0.0570   0.6017    0.069     356.6
08:32:30  INFO     RandomForestClassifier             0.0562   0.5929    0.010    1861.3
08:32:30  INFO     MLPClassifier                      0.0524   0.5725    0.093     669.5
08:32:30  INFO     DecisionTreeClassifier             0.0500   0.5260    0.522     267.8
08:32:30  INFO     RUSBoostClassifier                 0.0469   0.5541    0.282      17.6
08:32:30  INFO     DummyClassifier                    0.0403   0.5000    0.000       0.4
08:32:30  INFO     ==============================================================================
08:32:30  INFO     Top-4 candidates for Pass 2: CatBoost, LightGBM, HistGradientBoostingClassifier, EasyEnsembleClassifier
09:00:25  INFO     [Pass 2] LightGBM: 36 candidates x 3 folds = 108 fits
10:53:00  INFO     LightGBM                          best CV AP=0.7142  |  TEST PR-AUC=0.0612  ROC-AUC=0.6188  (6749 s, peak 3390 MB)
10:53:00  INFO       best params: {'learning_rate': 0.1, 'min_child_samples': 20, 'n_estimators': 500, 'num_leaves': 63, 'scale_pos_weight': 30.260087827469036}
10:53:00  INFO     [Pass 2] CatBoost: 12 candidates x 3 folds = 36 fits
13:01:54  INFO     CatBoost                          best CV AP=0.6184  |  TEST PR-AUC=0.0697  ROC-AUC=0.6120  (7732 s, peak 4797 MB)
13:01:54  INFO       best params: {'depth': 8, 'iterations': 500, 'learning_rate': 0.1}
13:01:54  INFO     Pass 2 complete. Details in D:\_fcall\UNIFEI\tcc\hpc_workload\results\pass2_grid_results
00:16:06  INFO     Temporal split at end_date 2022-10-19 11:50:16 : 18,894 train jobs / 4,724 test jobs
